// Jest Snapshot v1, https://goo.gl/fbAQLP

exports[`<Profile /> Component matches snapshot 1`] = `
<div>
  <div>
    <b>
      yeom
    </b>
    Â 
    <span>
      (
      kyeorae
      )
    </span>
  </div>
</div>
`;
